LTspice 24.1.4 for Windows
Circuit: C:\Repositorio\SAPS_Gonzalez_C1_2025\Parciales\Gonzalez\files\SPICE Files\LTspice\ACAnalysis.net
Start Time: Mon Jun  9 11:34:59 2025
solver = Normal
Maximum thread count: 12
tnom = 27
temp = 27
method = trap
Instance "stage1:u1:M1": Length shorter than recommended for a level 2 MOSFET.
Instance "stage1:u1:M2": Length shorter than recommended for a level 2 MOSFET.
Instance "stage1:u1:M3": Length shorter than recommended for a level 2 MOSFET.
Instance "stage1:u1:M4": Length shorter than recommended for a level 2 MOSFET.
Instance "stage2:u1:M1": Length shorter than recommended for a level 2 MOSFET.
Instance "stage2:u1:M2": Length shorter than recommended for a level 2 MOSFET.
Instance "stage2:u1:M3": Length shorter than recommended for a level 2 MOSFET.
Instance "stage2:u1:M4": Length shorter than recommended for a level 2 MOSFET.
Instance "stage3:u1:M1": Length shorter than recommended for a level 2 MOSFET.
Instance "stage3:u1:M2": Length shorter than recommended for a level 2 MOSFET.
Instance "stage3:u1:M3": Length shorter than recommended for a level 2 MOSFET.
Instance "stage3:u1:M4": Length shorter than recommended for a level 2 MOSFET.
Instance "stage4:u1:M1": Length shorter than recommended for a level 2 MOSFET.
Instance "stage4:u1:M2": Length shorter than recommended for a level 2 MOSFET.
Instance "stage4:u1:M3": Length shorter than recommended for a level 2 MOSFET.
Instance "stage4:u1:M4": Length shorter than recommended for a level 2 MOSFET.
Instance "stage5:u1:M1": Length shorter than recommended for a level 2 MOSFET.
Instance "stage5:u1:M2": Length shorter than recommended for a level 2 MOSFET.
Instance "stage5:u1:M3": Length shorter than recommended for a level 2 MOSFET.
Instance "stage5:u1:M4": Length shorter than recommended for a level 2 MOSFET.
Direct Newton iteration failed to find .op point.  (Use ".option noopiter" to skip.)
Starting Gmin stepping
Gmin = 10
Gmin = 1.07374
Gmin = 0.115292
Gmin = 0.0123794
Gmin = 0.00132923
Gmin = 0.000142725
Gmin = 1.5325e-05
Gmin = 1.6455e-06
Gmin = 1.76685e-07
Gmin = 1.89714e-08
Gmin = 2.03704e-09
Gmin = 2.18725e-10
Gmin = 2.34854e-11
Gmin = 2.52173e-12
Gmin = 2.70769e-13
Gmin = 0
Gmin stepping succeeded in finding the operating point.

Total elapsed time: 0.641 seconds.

Files loaded:
C:\Repositorio\SAPS_Gonzalez_C1_2025\Parciales\Gonzalez\files\SPICE Files\LTspice\ACAnalysis.net
C:\Users\alkas\AppData\Local\LTspice\lib\sub\ADI1.lib

